---
source: src/ui/tests.rs
expression: "render(&mut h, 100, 26)"
---
" yap   chat  2 preferences  3 drawer  4 logs  5 traffic  6 settings              ● online · default "
"────────────────────────────────────────────────────────────────────────────────────────────────────"
" you · default                │           You have been connected with a yiffing partner.           "
" Male Wolf Switch             │                 Your partner's language is English                  "
"                              │                                                                     "
" partner                      │                       Dominant · Female · Fox                       "
" gender   Female              │                     into Musk, Biting, Tickling                     "
" species  Fox                 │                                                                     "
" role     Dominant            │  partner                                                            "
" language English             │   hey there! got a ref? https://e621.net/posts/123                  "
" into · 2 shared              │                                                                     "
" Musk, Biting, Tickling       │                                                                you  "
" alt+k explains               │                                                     sure, one sec   "
"                              │                                                                     "
" together 0s                  │  partner                                                            "
" words    them 10 · you 3     │   a longer reply that should wrap inside its                        "
" heard    0s ago              │   bubble on the left side                                           "
"                              │                                                                     "
"                              │                                                   ╭───────────────╮ "
"                              │                                                   │ a new friend! │ "
"                              │                                                   ╰───────────────╯ "
"                              │                                                                     "
"                              │ ╭────────────────────────────────────────────────────╮   /\   /\    "
"                              │ │> say hi…                                           │  ( ^ . ^ )   "
"                              │ ╰────────────────────────────────────────────────────╯   \  w  /    "
"  ^F find · ^N next · ^D leave · ^B block · ^O links · ^E drawer · ^G snippets · ^X editor · F1 help"
