---
source: src/ui/tests.rs
expression: "render(&mut h, 100, 24)"
---
" yap   1 Chat  2 Preferences  3 Drawer  4 Traffic  5 Settings                   ○ offline · default "
"╭ You · default ─────────────╮╭ Chat ──────────────────────────────────────────────────────────────╮"
"│Gender   —                  ││ You must be 18 or older to use YiffSpot.                           │"
"│Species  —                  ││                                                                    │"
"│Role     —                  ││ yap — YiffSpot in your terminal                                    │"
"│Language Any / All          ││ Chat one-on-one with a random partner matched on the preferences   │"
"│Seeking                     ││ you choose. You stay anonymous unless you decide otherwise.        │"
"│Gender   Any / All          ││                                                                    │"
"│Species  Any / All          ││ Set your preferences first (F3): Please select your gender.        │"
"│Role     —                  ││ Press F1 for keys, or type /help for commands.                     │"
"│Kinks    Any / All          ││                                                                    │"
"╰────────────────────────────╯│                                                                    │"
"╭ Partner ───────────────────╮│                                                                    │"
"│Not connected. Ctrl-F to    ││                                                                    │"
"│search.                     ││                                                                    │"
"│                            ││                                                                    │"
"│                            ││                                                                    │"
"│                            ││                                                                    │"
"│                            ││                                                                    │"
"│                            │╰────────────────────────────────────────────────────────────────────╯"
"│                            │┏ Message ━━━━━━━━━━━━━━━━━━━━━━━━━━━━━━━━━━━━━━━━━━━━━━━━━━━━━━━━━━━┓"
"│                            │┃Type a message, or /help for commands                               ┃"
"╰────────────────────────────╯┗━━━━━━━━━━━━━━━━━━━━━━━━━━━━━━━━━━━━━━━━━━━━━━━━━━━━━━━━━━━━━━━━━━━━┛"
" ^F find  ^D leave  ^B block  ^O links  ^E drawer  ^P profile  PgUp scroll  F1 help                 "
