---
source: src/ui/tests.rs
expression: "render(&mut h, 120, 16)"
---
" yap   1 chat  2 preferences  3 drawer  4 logs  traffic  6 settings                                 ○ offline · default "
"────────────────────────────────────────────────────────────────────────────────────────────────────────────────────────"
" traffic · 4 frames · ↓96 B ↑65 B · following · heartbeats hidden  │ frame #4 · → text · 38 bytes · 09:13:20.000        "
"   09:13:20.000 · info      37 connecting to wss://www.yiff…       │                                                    "
"   09:13:20.000 ← text      56 connection_success "17000000…       │ {                                                  "
"   09:13:20.000 ← text      40 update_user_count 1234              │   "data": "hello",                                 "
" › 09:13:20.000 → text      38 send_message "hello"                │   "type": "send_message"                           "
"                                                                   │ }                                                  "
"                                                                   │                                                    "
"                                                                   │                                                    "
"                                                                   │                                                    "
"                                                                   │                                                    "
"                                                                   │                                                    "
"                                                                   │                                                    "
"                                                                   │                                                    "
"  f follow · h heartbeats · p pretty · / filter · s send raw · y copy · e export · c clear                              "
