---
source: src/ui/tests.rs
expression: "render(&mut h, 110, 26)"
---
" yap   1 Chat  2 Preferences  3 Drawer  4 Traffic  5 Settings            ● online · with Female Fox · default "
"╭ You · default ─────────────╮╭ Chat ────────────────────────────────────────────────────────────────────────╮"
"│Gender   Male               ││ You have been connected with a yiffing partner.                              │"
"│Species  Wolf               ││                                                                              │"
"│Role     Switch             ││ Your partner's language is English                                           │"
"│Language Any / All          ││                                                                              │"
"│Seeking                     ││ Your partner is a Dominant, Female, Fox interested in: Musk, Biting,         │"
"│Gender   Any / All          ││ Tickling.                                                                    │"
"│Species  Any / All          ││                                                                              │"
"│Role     Dominant           ││ Partner                                                                      │"
"│Kinks    Biting +1          ││   hey there! got a ref? https://e621.net/posts/123                           │"
"│                            ││                                                                              │"
"╰────────────────────────────╯│ You                                                                          │"
"╭ Partner ───────────────────╮│   sure, one sec                                                              │"
"│Gender   Female             ││                                                                              │"
"│Species  Fox                ││ Your partner is typing…                                                      │"
"│Role     Dominant           ││                                                                              │"
"│Language English            ││                                                                              │"
"│Kinks                       ││                                                                              │"
"│Musk, Biting, Tickling      ││                                                                              │"
"│                            ││                                                                              │"
"│                            │╰──────────────────────────────────────────────────────────────────────────────╯"
"│                            │┏ Message ━━━━━━━━━━━━━━━━━━━━━━━━━━━━━━━━━━━━━━━━━━━━━━━━━━━━━━━━━━━━━━━━━━━━━┓"
"│                            │┃Say hi… (/help for commands)                                                  ┃"
"╰────────────────────────────╯┗━━━━━━━━━━━━━━━━━━━━━━━━━━━━━━━━━━━━━━━━━━━━━━━━━━━━━━━━━━━━━━━━━━━━━━━━━━━━━━┛"
" ^F find  ^D leave  ^B block  ^O links  ^E drawer  ^P profile  PgUp scroll  F1 help                           "
