---
source: src/ui/tests.rs
expression: "render(&mut h, 100, 24)"
---
" yap   chat  2 preferences  3 drawer  4 logs  5 traffic  6 settings             ○ offline · default "
"────────────────────────────────────────────────────────────────────────────────────────────────────"
" you · default                │                                                                     "
" gender   —                   │  yap                                                                "
" species  —                   │  YiffSpot in your terminal                                          "
" role     —                   │                                                                     "
" language Any / All           │  You must be 18 or older to use YiffSpot.                           "
"                              │                                                                     "
" seeking                      │  Chat one-on-one with a random partner matched on the preferences   "
" gender   Any / All           │  you pick. You stay anonymous unless you decide otherwise.          "
" species  Any / All           │                                                                     "
" role     —                   │  › set your preferences first (F3): Please select your gender.      "
" kinks    Any / All           │  › F1 for keys, /help for commands                                  "
"                              │                                                                     "
" partner                      │                                                                     "
" not connected                │                                                                     "
"                              │                                                                     "
"                              │                                                                     "
"                              │                                                                     "
"                              │                                                                     "
"                              │ ╭─────────────────────────────────────────────────────────────────╮ "
"                              │ │> type a message, or / for commands                              │ "
"                              │ ╰─────────────────────────────────────────────────────────────────╯ "
"  ^F find · ^D leave · ^B block · ^O links · ^E drawer · ^P profile · pgup scroll · F1 help         "
