---
source: src/ui/tests.rs
expression: "render(&mut h, 110, 22)"
---
" yap   1 chat  preferences  3 drawer  4 logs  5 traffic  6 settings                       ○ offline · default "
"──────────────────────────────────────────────────────────────────────────────────────────────────────────────"
" profiles               │ default                                       │ kinks · 3 selected                  "
"   default ●            │   your gender        Male                     │ › ■ Biting                          "
"   switchy !            │   your species       Wolf                     │   □ Exhibitionism                   "
"                        │   your role          Switch                   │                                     "
"                        │   partner's gender   Any / All                │                                     "
"                        │   partner's species  Any / All                │                                     "
"                        │   partner's role     Dominant                 │                                     "
"                        │   kinks              Any + 2                  │                                     "
"                        │   language           Any / All                │                                     "
"                        │                                               │                                     "
"                        │                                               │                                     "
"                        │                                               │                                     "
"                        │                                               │                                     "
"                        │                                               │                                     "
"                        │                                               │                                     "
"                        │ ● ready · ^F finds a partner                  │                                     "
"                        │ changes save automatically                    │                                     "
"                        │                                               │                                     "
"                        │                                               │ / bit▏                              "
"  type filter · enter/space toggle · esc back                                                                 "
