---
source: src/ui/tests.rs
expression: "render(&mut h, 90, 20)"
---
" yap   1 chat  2 preferences  3 drawer  4 logs  5 traffic  settings             ○ offline "
"──────────────────────────────────────────────────────────────────────────────────────────"
" settings                                                                                 "
"                                                                                          "
"   appearance                                                                             "
" ›   Theme                                                                       ‹ dark › "
"     Transparent background                                                           off "
"     Popup style                                                              ‹ outline › "
"     Chat layout                                                                 ‹ cozy › "
"     Roleplay formatting                                                               on "
"     Timestamps                                                                       off "
"     Partner sidebar                                                                   on "
"     Buddy                                                                        ‹ fox › "
"                                                                                          "
"   chats                                                                                  "
"     Fresh chat view for each partner                                                 off "
"                                                                                          "
"   saved to /home/you/.config/yap/config.toml                                             "
"                                                                                          "
"  enter toggle/edit · ←/→ change                                                          "
