---
source: src/ui/tests.rs
expression: "render(&mut h, 90, 20)"
---
" yap   1 Chat  2 Preferences  3 Drawer  4 Traffic  5 Settings         ○ offline · default "
"┏ Settings ━━━━━━━━━━━━━━━━━━━━━━━━━━━━━━━━━━━━━━━━━━━━━━━━━━━━━━━━━━━━━━━━━━━━━━━━━━━━━━┓"
"┃Appearance & behaviour                                                                  ┃"
"┃  Theme                                                                        ‹ dark › ┃"
"┃  Chat layout                                                                  ‹ cozy › ┃"
"┃  Timestamps                                                                        off ┃"
"┃  Partner sidebar                                                                    on ┃"
"┃  Confirm leave / block / re-roll                                                    on ┃"
"┃                                                                                        ┃"
"┃Connection                                                                              ┃"
"┃  Server                                                        wss://www.yiffspot.com/ ┃"
"┃  Reconnect automatically                                                            on ┃"
"┃  Send language preference                                                           on ┃"
"┃                                                                                        ┃"
"┃Notifications (while unfocused)                                                         ┃"
"┗━━━━━━━━━━━━━━━━━━━━━━━━━━━━━━━━━━━━━━━━━━━━━━━━━━━━━━━━━━━━━━━━━━━━━━━━━━━━━━━━━━━━━━━━┛"
"                                                                                          "
" Saved to /home/you/.config/yap/config.toml                                               "
"                                                                                          "
" Enter toggle/edit  ←/→ change  d remove domain                                           "
